// Jest Snapshot v1, https://goo.gl/fbAQLP

exports[`<HomeScreen /> renders correctly 1`] = `
<RCTSafeAreaView
  style={
    {
      "backgroundColor": "rgba(255, 255, 255, 1)",
      "height": "100%",
    }
  }
>
  <View
    style={
      {
        "paddingBottom": 20,
        "paddingLeft": 20,
        "paddingRight": 20,
        "paddingTop": 20,
      }
    }
  >
    <Image
      accessibilityLabel="Uber Logo"
      source={
        {
          "uri": "https://upload.wikimedia.org/wikipedia/commons/thumb/5/58/Uber_logo_2018.svg/2560px-Uber_logo_2018.svg.png",
        }
      }
      style={
        {
          "height": 100,
          "resizeMode": "contain",
          "width": 100,
        }
      }
    />
    <View
      pointerEvents="box-none"
      style={
        [
          {
            "flex": 1,
          },
          {
            "flex": 0,
          },
        ]
      }
    >
      <View
        style={
          [
            {
              "flexDirection": "row",
            },
            undefined,
          ]
        }
      >
        <TextInput
          clearButtonMode="while-editing"
          onBlur={[Function]}
          onChangeText={[Function]}
          onFocus={[Function]}
          placeholder="Where From?"
          style={
            [
              {
                "backgroundColor": "#FFFFFF",
                "borderRadius": 5,
                "flex": 1,
                "fontSize": 15,
                "height": 44,
                "marginBottom": 5,
                "paddingHorizontal": 10,
                "paddingVertical": 5,
              },
              {
                "fontSize": 18,
              },
            ]
          }
          value=""
        />
      </View>
    </View>
    <View>
      <RCTScrollView
        data={
          [
            {
              "id": "123",
              "image": "https://www.uber-assets.com/image/upload/f_auto,q_auto:eco,c_fill,w_485,h_385/f_auto,q_auto/products/carousel/UberX.png",
              "screen": "MapScreen",
              "title": "Get a ride",
            },
            {
              "id": "456",
              "image": "https://i.pinimg.com/originals/4f/eb/74/4feb745209cf7aba57463b20d27b61e3.png",
              "screen": "EatsScreen",
              "title": "Order food",
            },
          ]
        }
        getItem={[Function]}
        getItemCount={[Function]}
        horizontal={true}
        keyExtractor={[Function]}
        onContentSizeChange={[Function]}
        onLayout={[Function]}
        onMomentumScrollBegin={[Function]}
        onMomentumScrollEnd={[Function]}
        onScroll={[Function]}
        onScrollBeginDrag={[Function]}
        onScrollEndDrag={[Function]}
        removeClippedSubviews={false}
        renderItem={[Function]}
        scrollEventThrottle={50}
        stickyHeaderIndices={[]}
        viewabilityConfigCallbackPairs={[]}
      >
        <View>
          <View
            onFocusCapture={[Function]}
            onLayout={[Function]}
            style={
              [
                {
                  "flexDirection": "row",
                },
                null,
              ]
            }
          >
            <View
              accessibilityRole="screen navigation"
              accessibilityState={
                {
                  "busy": undefined,
                  "checked": undefined,
                  "disabled": true,
                  "expanded": undefined,
                  "selected": undefined,
                }
              }
              accessibilityValue={
                {
                  "max": undefined,
                  "min": undefined,
                  "now": undefined,
                  "text": undefined,
                }
              }
              accessible={true}
              collapsable={false}
              focusable={true}
              onClick={[Function]}
              onResponderGrant={[Function]}
              onResponderMove={[Function]}
              onResponderRelease={[Function]}
              onResponderTerminate={[Function]}
              onResponderTerminationRequest={[Function]}
              onStartShouldSetResponder={[Function]}
              style={
                {
                  "backgroundColor": "rgba(229, 231, 235, 1)",
                  "marginBottom": 8,
                  "marginLeft": 8,
                  "marginRight": 8,
                  "marginTop": 8,
                  "opacity": 1,
                  "paddingBottom": 32,
                  "paddingLeft": 24,
                  "paddingRight": 8,
                  "paddingTop": 16,
                  "width": 160,
                }
              }
            >
              <View
                style={
                  {
                    "opacity": 0.2,
                  }
                }
              >
                <Image
                  accessibilityLabel="Card Image"
                  source={
                    {
                      "uri": "https://www.uber-assets.com/image/upload/f_auto,q_auto:eco,c_fill,w_485,h_385/f_auto,q_auto/products/carousel/UberX.png",
                    }
                  }
                  style={
                    {
                      "height": 120,
                      "resizeMode": "contain",
                      "width": 120,
                    }
                  }
                />
                <Text
                  style={
                    {
                      "fontSize": 18,
                      "fontWeight": "600",
                      "lineHeight": 28,
                      "marginTop": 8,
                    }
                  }
                >
                  Get a ride
                </Text>
                <View
                  style={
                    {
                      "overflow": "hidden",
                    }
                  }
                >
                  <View
                    accessibilityLabel="Right Arrow"
                    style={
                      {
                        "backgroundColor": "rgba(0, 0, 0, 1)",
                        "borderBottomLeftRadius": 9999,
                        "borderBottomRightRadius": 9999,
                        "borderTopLeftRadius": 9999,
                        "borderTopRightRadius": 9999,
                        "marginTop": 16,
                        "paddingBottom": 8,
                        "paddingLeft": 8,
                        "paddingRight": 8,
                        "paddingTop": 8,
                        "width": 40,
                      }
                    }
                  >
                    <View
                      style={
                        {
                          "alignItems": "center",
                          "backgroundColor": "transparent",
                          "justifyContent": "center",
                        }
                      }
                    >
                      <Text
                        allowFontScaling={false}
                        selectable={false}
                        style={
                          [
                            {
                              "color": "white",
                              "fontSize": 24,
                            },
                            {
                              "backgroundColor": "transparent",
                            },
                            {
                              "fontFamily": "anticon",
                              "fontStyle": "normal",
                              "fontWeight": "normal",
                            },
                            {},
                          ]
                        }
                        testID="iconIcon"
                      >
                        
                      </Text>
                    </View>
                  </View>
                </View>
              </View>
            </View>
          </View>
          <View
            onFocusCapture={[Function]}
            onLayout={[Function]}
            style={
              [
                {
                  "flexDirection": "row",
                },
                null,
              ]
            }
          >
            <View
              accessibilityRole="screen navigation"
              accessibilityState={
                {
                  "busy": undefined,
                  "checked": undefined,
                  "disabled": true,
                  "expanded": undefined,
                  "selected": undefined,
                }
              }
              accessibilityValue={
                {
                  "max": undefined,
                  "min": undefined,
                  "now": undefined,
                  "text": undefined,
                }
              }
              accessible={true}
              collapsable={false}
              focusable={true}
              onClick={[Function]}
              onResponderGrant={[Function]}
              onResponderMove={[Function]}
              onResponderRelease={[Function]}
              onResponderTerminate={[Function]}
              onResponderTerminationRequest={[Function]}
              onStartShouldSetResponder={[Function]}
              style={
                {
                  "backgroundColor": "rgba(229, 231, 235, 1)",
                  "marginBottom": 8,
                  "marginLeft": 8,
                  "marginRight": 8,
                  "marginTop": 8,
                  "opacity": 1,
                  "paddingBottom": 32,
                  "paddingLeft": 24,
                  "paddingRight": 8,
                  "paddingTop": 16,
                  "width": 160,
                }
              }
            >
              <View
                style={
                  {
                    "opacity": 0.2,
                  }
                }
              >
                <Image
                  accessibilityLabel="Card Image"
                  source={
                    {
                      "uri": "https://i.pinimg.com/originals/4f/eb/74/4feb745209cf7aba57463b20d27b61e3.png",
                    }
                  }
                  style={
                    {
                      "height": 120,
                      "resizeMode": "contain",
                      "width": 120,
                    }
                  }
                />
                <Text
                  style={
                    {
                      "fontSize": 18,
                      "fontWeight": "600",
                      "lineHeight": 28,
                      "marginTop": 8,
                    }
                  }
                >
                  Order food
                </Text>
                <View
                  style={
                    {
                      "overflow": "hidden",
                    }
                  }
                >
                  <View
                    accessibilityLabel="Right Arrow"
                    style={
                      {
                        "backgroundColor": "rgba(0, 0, 0, 1)",
                        "borderBottomLeftRadius": 9999,
                        "borderBottomRightRadius": 9999,
                        "borderTopLeftRadius": 9999,
                        "borderTopRightRadius": 9999,
                        "marginTop": 16,
                        "paddingBottom": 8,
                        "paddingLeft": 8,
                        "paddingRight": 8,
                        "paddingTop": 8,
                        "width": 40,
                      }
                    }
                  >
                    <View
                      style={
                        {
                          "alignItems": "center",
                          "backgroundColor": "transparent",
                          "justifyContent": "center",
                        }
                      }
                    >
                      <Text
                        allowFontScaling={false}
                        selectable={false}
                        style={
                          [
                            {
                              "color": "white",
                              "fontSize": 24,
                            },
                            {
                              "backgroundColor": "transparent",
                            },
                            {
                              "fontFamily": "anticon",
                              "fontStyle": "normal",
                              "fontWeight": "normal",
                            },
                            {},
                          ]
                        }
                        testID="iconIcon"
                      >
                        
                      </Text>
                    </View>
                  </View>
                </View>
              </View>
            </View>
          </View>
        </View>
      </RCTScrollView>
    </View>
  </View>
</RCTSafeAreaView>
`;
