// Jest Snapshot v1, https://goo.gl/fbAQLP

exports[`<MapScreen /> renders correctly 1`] = `
<View>
  <Text>
    Here is the map stuff...
  </Text>
  <View />
  <View
    style={
      {
        "height": "50%",
      }
    }
  />
  <View
    style={
      {
        "height": "50%",
      }
    }
  />
</View>
`;
